[finforge] budget cap=$120.00, already spent per records=$1.97
[finforge] heldout eval tag=c0 version=v0 worlds=['h01', 'h02', 'h03', 'h04', 'h05', 'h06']
[finforge]   heldout-c0-h02-journal_entries@r1: ended=submitted gold=50.0 judge=4.0 usd=0.0064
[finforge]   heldout-c0-h02-bank_rec@r1: ended=submitted gold=55.3 judge=4.0 usd=0.0219
[finforge]   heldout-c0-h01-accrual_schedule@r1: ended=submitted gold=30.0 judge=4.0 usd=0.0484
[finforge]   heldout-c0-h01-journal_entries@r1: ended=submitted gold=50.0 judge=4.0 usd=0.0483
[finforge]   heldout-c0-h01-variance_analysis@r1: ended=submitted gold=0.0 judge=1.0 usd=0.0330
[finforge]   heldout-c0-h02-accrual_schedule@r1: ended=submitted gold=65.0 judge=3.0 usd=0.0717
[finforge]   heldout-c0-h04-journal_entries@r1: ended=submitted gold=100.0 judge=0.0 usd=0.0120
[finforge]   heldout-c0-h03-bank_rec@r1: ended=submitted gold=23.3 judge=3.0 usd=0.0389
[finforge]   heldout-c0-h03-variance_analysis@r1: ended=submitted gold=69.6 judge=4.0 usd=0.0261
[finforge]   heldout-c0-h03-accrual_schedule@r1: ended=submitted gold=100.0 judge=9.0 usd=0.0134
[finforge]   heldout-c0-h01-bank_rec@r1: ended=submitted gold=96.0 judge=6.0 usd=0.0458
[finforge]   heldout-c0-h02-variance_analysis@r1: ended=submitted gold=12.5 judge=3.0 usd=0.0807
[finforge]   heldout-c0-h04-accrual_schedule@r1: ended=submitted gold=100.0 judge=10.0 usd=0.0265
[finforge]   heldout-c0-h03-journal_entries@r1: ended=submitted gold=45.0 judge=3.0 usd=0.1107
[finforge]   heldout-c0-h04-variance_analysis@r1: ended=submitted gold=0.0 judge=1.0 usd=0.0358
[finforge]   heldout-c0-h06-bank_rec@r1: ended=submitted gold=100.0 judge=10.0 usd=0.0102
[finforge]   heldout-c0-h05-accrual_schedule@r1: ended=submitted gold=65.0 judge=4.0 usd=0.0267
[finforge]   heldout-c0-h05-bank_rec@r1: ended=submitted gold=40.0 judge=9.0 usd=0.0188
[finforge]   heldout-c0-h05-journal_entries@r1: ended=submitted gold=80.0 judge=3.0 usd=0.0365
[finforge]   heldout-c0-h04-bank_rec@r1: ended=submitted gold=33.3 judge=4.0 usd=0.0660
[finforge]   heldout-c0-h05-variance_analysis@r1: ended=submitted gold=25.0 judge=7.0 usd=0.0433
[finforge]   heldout-c0-h06-variance_analysis@r1: ended=submitted gold=12.5 judge=2.0 usd=0.0512
[finforge]   heldout-c0-h06-journal_entries@r1: ended=submitted gold=46.7 judge=3.0 usd=0.0611
[finforge]   heldout-c0-h06-accrual_schedule@r1: ended=submitted gold=100.0 judge=10.0 usd=0.0826
[finforge] iteration 0: candidate=v0 worlds=['w01', 'w02', 'w03']
[finforge]   train-i00-w02-accrual_schedule: ended=submitted judge=10.0 usd=0.0061
[finforge]   train-i00-w02-journal_entries: ended=submitted judge=6.0 usd=0.0181
[finforge]   train-i00-w03-journal_entries: ended=submitted judge=6.0 usd=0.0147
[finforge]   train-i00-w02-variance_analysis: ended=submitted judge=4.0 usd=0.0186
[finforge]   train-i00-w01-bank_rec: ended=submitted judge=2.0 usd=0.0196
[finforge]   train-i00-w03-accrual_schedule: ended=submitted judge=10.0 usd=0.0329
[finforge]   train-i00-w03-bank_rec: ended=submitted judge=8.0 usd=0.0175
[finforge]   train-i00-w01-accrual_schedule: ended=submitted judge=3.0 usd=0.1024
[finforge]   train-i00-w03-variance_analysis: ended=submitted judge=1.0 usd=0.0386
[finforge]   train-i00-w01-journal_entries: ended=submitted judge=4.0 usd=0.0504
[finforge]   train-i00-w01-variance_analysis: ended=submitted judge=2.0 usd=0.0775
[finforge]   train-i00-w02-bank_rec: ended=submitted judge=3.0 usd=0.0655
[finforge] wrote harness/revisions_b/v1.md
[finforge] heldout eval tag=c1 version=v1 worlds=['h01', 'h02', 'h03', 'h04', 'h05', 'h06']
[finforge]   heldout-c1-h01-accrual_schedule@r1: ended=submitted gold=17.5 judge=2.0 usd=0.0418
[finforge]   heldout-c1-h01-variance_analysis: ended=submitted gold=70.8 judge=3.0 usd=0.0360
[finforge]   heldout-c1-h01-journal_entries@r1: ended=submitted gold=75.0 judge=6.0 usd=0.0495
[finforge]   heldout-c1-h02-journal_entries: ended=submitted gold=75.0 judge=6.0 usd=0.0439
[finforge]   heldout-c1-h01-variance_analysis@r1: ended=submitted gold=72.5 judge=2.0 usd=0.1009
[finforge]   heldout-c1-h02-bank_rec@r1: ended=submitted gold=26.7 judge=3.0 usd=0.0938
[finforge]   heldout-c1-h02-journal_entries@r1: ended=submitted gold=62.5 judge=4.0 usd=0.0827
[finforge]   heldout-c1-h02-variance_analysis: ended=submitted gold=43.8 judge=3.0 usd=0.0871
[finforge]   heldout-c1-h02-accrual_schedule@r1: ended=submitted gold=100.0 judge=10.0 usd=0.0218
[finforge]   heldout-c1-h02-accrual_schedule: ended=submitted gold=35.0 judge=3.0 usd=0.0601
[finforge]   heldout-c1-h02-variance_analysis@r1: ended=submitted gold=12.5 judge=3.0 usd=0.0620
[finforge]   heldout-c1-h01-bank_rec: ended=submitted gold=45.1 judge=2.0 usd=0.1392
[finforge]   heldout-c1-h01-accrual_schedule: ended=submitted gold=100.0 judge=10.0 usd=0.2848
[finforge]   heldout-c1-h03-journal_entries: ended=submitted gold=45.0 judge=3.0 usd=0.1096
[finforge]   heldout-c1-h01-journal_entries: ended=submitted gold=75.0 judge=5.0 usd=0.3358
[finforge]   heldout-c1-h03-accrual_schedule: ended=submitted gold=35.0 judge=3.0 usd=0.0680
[finforge]   heldout-c1-h03-variance_analysis: ended=submitted gold=0.0 judge=2.0 usd=0.1015
[finforge]   heldout-c1-h03-accrual_schedule@r1: ended=submitted gold=0.0 judge=3.0 usd=0.0457
[finforge]   heldout-c1-h01-bank_rec@r1: ended=submitted gold=40.0 judge=5.0 usd=0.2541
[finforge] budget cap=$120.00, already spent per records=$8.60
[finforge] heldout eval tag=c0 version=v0 worlds=['h01', 'h02', 'h03', 'h04', 'h05', 'h06']
[finforge] iteration 0: already finalized (deployed=v0) — fast-forward
[finforge] heldout eval tag=c1 version=v1 worlds=['h01', 'h02', 'h03', 'h04', 'h05', 'h06']
[finforge]   heldout-c1-h03-variance_analysis@r1: ended=submitted gold=26.6 judge=1.0 usd=0.0510
[finforge]   heldout-c1-h04-variance_analysis: ended=submitted gold=78.1 judge=4.0 usd=0.0627
[finforge]   heldout-c1-h03-journal_entries@r1: ended=submitted gold=50.0 judge=4.0 usd=0.0824
[finforge]   heldout-c1-h03-bank_rec@r1: ended=submitted gold=40.0 judge=3.0 usd=0.0633
[finforge]   heldout-c1-h04-journal_entries@r1: ended=submitted gold=66.7 judge=4.0 usd=0.0854
